// Jest Snapshot v1, https://goo.gl/fbAQLP

exports[`Email Redirect has a valid snapshot 1`] = `
<div>
  Email has been sent to verify account. 
  <br />
  Already verified?
  <button
    id="redirect"
    onClick={[Function]}
  >
     Log In
  </button>
   
  <br />
  Didn't receive the email?
  <button
    id="resend"
    onClick={[Function]}
  >
     Send Again
  </button>
</div>
`;

exports[`has a valid snapshot 1`] = `
<div>
  <h1>
     Sign Up 
  </h1>
  <form
    onSubmit={[Function]}
  >
    <label
      htmlFor="name"
    >
      Name: 
    </label>
     
    <br />
    <input
      id="name"
      name="name"
      onBlur={[Function]}
      onChange={[Function]}
      onFocus={[Function]}
      placeholder="Full Name"
      type="text"
      value=""
    />
     
     
    <br />
    <input
      checked={false}
      name="class"
      onChange={[Function]}
      onFocus={[Function]}
      type="radio"
      value="senior"
    />
    Senior
    <input
      checked={false}
      name="class"
      onChange={[Function]}
      onFocus={[Function]}
      type="radio"
      value="student"
    />
    Student
     
    <br />
    <label
      htmlFor="email"
    >
      Email: 
    </label>
     
    <br />
    <input
      id="email"
      name="email"
      onBlur={[Function]}
      onChange={[Function]}
      onFocus={[Function]}
      placeholder="Email Address"
      type="email"
      value=""
    />
    <br />
    <label
      htmlFor="phoneNumber"
    >
      Phone Number: 
    </label>
    <br />
    <input
      id="phoneNumber"
      name="phoneNumber"
      onBlur={[Function]}
      onChange={[Function]}
      onFocus={[Function]}
      pattern="[0-9]{3}-[0-9]{3}-[0-9]{4}"
      placeholder="Phone Number"
      type="tel"
    />
     
    <br />
    <label
      htmlFor="passwordOne"
    >
      Password: 
    </label>
    <br />
    <input
      id="passwordOne"
      name="passwordOne"
      onBlur={[Function]}
      onChange={[Function]}
      onFocus={[Function]}
      placeholder="Password"
      type="password"
      value=""
    />
     
    <br />
    <label
      htmlFor="passwordTwo"
    >
      Confirm Password: 
    </label>
     
    <br />
    <input
      id="passwordTwo"
      name="passwordTwo"
      onBlur={[Function]}
      onChange={[Function]}
      onFocus={[Function]}
      placeholder="Confirm Password"
      type="password"
      value=""
    />
     
    <br />
    <input
      id="submitButton"
      type="submit"
      value="Sign Up"
    />
     
    <span />
  </form>
</div>
`;
