// Jest Snapshot v1, https://goo.gl/fbAQLP

exports[`has a valid snapshot 1`] = `
ShallowWrapper {
  Symbol(enzyme.__root__): [Circular],
  Symbol(enzyme.__unrendered__): <SignUp />,
  Symbol(enzyme.__renderer__): Object {
    "batchedUpdates": [Function],
    "checkPropTypes": [Function],
    "getNode": [Function],
    "render": [Function],
    "simulateError": [Function],
    "simulateEvent": [Function],
    "unmount": [Function],
  },
  Symbol(enzyme.__node__): Object {
    "instance": null,
    "key": undefined,
    "nodeType": "host",
    "props": Object {
      "children": Array [
        <h1>
           Sign Up Page 
        </h1>,
        <form
          onSubmit={[Function]}
        >
          <label
            htmlFor="name"
          >
            Name: 
          </label>
           
          <br />
          <input
            id="name"
            name="name"
            onBlur={[Function]}
            onChange={[Function]}
            placeholder="Full Name"
            type="text"
            value=""
          />
           
           
          <br />
          <input
            checked={false}
            name="class"
            onChange={[Function]}
            type="radio"
            value="senior"
          />
          Senior
          <input
            checked={false}
            name="class"
            onChange={[Function]}
            type="radio"
            value="student"
          />
          Student 
          <br />
          <label
            htmlFor="email"
          >
            Email: 
          </label>
           
          <br />
          <input
            id="email"
            name="email"
            onBlur={[Function]}
            onChange={[Function]}
            placeholder="Email Address"
            type="email"
            value=""
          />
           
          <br />
          <label
            htmlFor="phoneNumber"
          >
            Phone Number: 
          </label>
          <br />
          <input
            id="phoneNumber"
            name="phoneNumber"
            onBlur={[Function]}
            onChange={[Function]}
            pattern="[0-9]{3}-[0-9]{3}-[0-9]{4}"
            placeholder="Phone Number"
            type="tel"
          />
          <br />
          <label
            htmlFor="passwordOne"
          >
            Password: 
          </label>
          <br />
          <input
            id="passwordOne"
            name="passwordOne"
            onBlur={[Function]}
            onChange={[Function]}
            placeholder="Password"
            type="password"
            value=""
          />
           
          <br />
          <label
            htmlFor="passwordTwo"
          >
            Confirm Password: 
          </label>
           
          <br />
          <input
            id="passwordTwo"
            name="passwordTwo"
            onBlur={[Function]}
            onChange={[Function]}
            placeholder="Confirm Password"
            type="password"
            value=""
          />
           
          <br />
          <input
            disabled={true}
            id="submitButton"
            type="submit"
            value="Sign Up"
          />
        </form>,
      ],
    },
    "ref": null,
    "rendered": Array [
      Object {
        "instance": null,
        "key": undefined,
        "nodeType": "host",
        "props": Object {
          "children": " Sign Up Page ",
        },
        "ref": null,
        "rendered": " Sign Up Page ",
        "type": "h1",
      },
      Object {
        "instance": null,
        "key": undefined,
        "nodeType": "host",
        "props": Object {
          "children": Array [
            <label
              htmlFor="name"
            >
              Name: 
            </label>,
            " ",
            <br />,
            <input
              id="name"
              name="name"
              onBlur={[Function]}
              onChange={[Function]}
              placeholder="Full Name"
              type="text"
              value=""
            />,
            " ",
            false,
            " ",
            <br />,
            <input
              checked={false}
              name="class"
              onChange={[Function]}
              type="radio"
              value="senior"
            />,
            "Senior",
            <input
              checked={false}
              name="class"
              onChange={[Function]}
              type="radio"
              value="student"
            />,
            "Student ",
            <br />,
            <label
              htmlFor="email"
            >
              Email: 
            </label>,
            " ",
            <br />,
            <input
              id="email"
              name="email"
              onBlur={[Function]}
              onChange={[Function]}
              placeholder="Email Address"
              type="email"
              value=""
            />,
            " ",
            false,
            <br />,
            <label
              htmlFor="phoneNumber"
            >
              Phone Number: 
            </label>,
            <br />,
            <input
              id="phoneNumber"
              name="phoneNumber"
              onBlur={[Function]}
              onChange={[Function]}
              pattern="[0-9]{3}-[0-9]{3}-[0-9]{4}"
              placeholder="Phone Number"
              type="tel"
            />,
            false,
            <br />,
            <label
              htmlFor="passwordOne"
            >
              Password: 
            </label>,
            <br />,
            <input
              id="passwordOne"
              name="passwordOne"
              onBlur={[Function]}
              onChange={[Function]}
              placeholder="Password"
              type="password"
              value=""
            />,
            false,
            " ",
            <br />,
            <label
              htmlFor="passwordTwo"
            >
              Confirm Password: 
            </label>,
            " ",
            <br />,
            <input
              id="passwordTwo"
              name="passwordTwo"
              onBlur={[Function]}
              onChange={[Function]}
              placeholder="Confirm Password"
              type="password"
              value=""
            />,
            false,
            " ",
            <br />,
            <input
              disabled={true}
              id="submitButton"
              type="submit"
              value="Sign Up"
            />,
          ],
          "onSubmit": [Function],
        },
        "ref": null,
        "rendered": Array [
          Object {
            "instance": null,
            "key": undefined,
            "nodeType": "host",
            "props": Object {
              "children": "Name: ",
              "htmlFor": "name",
            },
            "ref": null,
            "rendered": "Name: ",
            "type": "label",
          },
          " ",
          Object {
            "instance": null,
            "key": undefined,
            "nodeType": "host",
            "props": Object {},
            "ref": null,
            "rendered": null,
            "type": "br",
          },
          Object {
            "instance": null,
            "key": undefined,
            "nodeType": "host",
            "props": Object {
              "id": "name",
              "name": "name",
              "onBlur": [Function],
              "onChange": [Function],
              "placeholder": "Full Name",
              "type": "text",
              "value": "",
            },
            "ref": null,
            "rendered": null,
            "type": "input",
          },
          " ",
          false,
          " ",
          Object {
            "instance": null,
            "key": undefined,
            "nodeType": "host",
            "props": Object {},
            "ref": null,
            "rendered": null,
            "type": "br",
          },
          Object {
            "instance": null,
            "key": undefined,
            "nodeType": "host",
            "props": Object {
              "checked": false,
              "name": "class",
              "onChange": [Function],
              "type": "radio",
              "value": "senior",
            },
            "ref": null,
            "rendered": null,
            "type": "input",
          },
          "Senior",
          Object {
            "instance": null,
            "key": undefined,
            "nodeType": "host",
            "props": Object {
              "checked": false,
              "name": "class",
              "onChange": [Function],
              "type": "radio",
              "value": "student",
            },
            "ref": null,
            "rendered": null,
            "type": "input",
          },
          "Student ",
          Object {
            "instance": null,
            "key": undefined,
            "nodeType": "host",
            "props": Object {},
            "ref": null,
            "rendered": null,
            "type": "br",
          },
          Object {
            "instance": null,
            "key": undefined,
            "nodeType": "host",
            "props": Object {
              "children": "Email: ",
              "htmlFor": "email",
            },
            "ref": null,
            "rendered": "Email: ",
            "type": "label",
          },
          " ",
          Object {
            "instance": null,
            "key": undefined,
            "nodeType": "host",
            "props": Object {},
            "ref": null,
            "rendered": null,
            "type": "br",
          },
          Object {
            "instance": null,
            "key": undefined,
            "nodeType": "host",
            "props": Object {
              "id": "email",
              "name": "email",
              "onBlur": [Function],
              "onChange": [Function],
              "placeholder": "Email Address",
              "type": "email",
              "value": "",
            },
            "ref": null,
            "rendered": null,
            "type": "input",
          },
          " ",
          false,
          Object {
            "instance": null,
            "key": undefined,
            "nodeType": "host",
            "props": Object {},
            "ref": null,
            "rendered": null,
            "type": "br",
          },
          Object {
            "instance": null,
            "key": undefined,
            "nodeType": "host",
            "props": Object {
              "children": "Phone Number: ",
              "htmlFor": "phoneNumber",
            },
            "ref": null,
            "rendered": "Phone Number: ",
            "type": "label",
          },
          Object {
            "instance": null,
            "key": undefined,
            "nodeType": "host",
            "props": Object {},
            "ref": null,
            "rendered": null,
            "type": "br",
          },
          Object {
            "instance": null,
            "key": undefined,
            "nodeType": "host",
            "props": Object {
              "id": "phoneNumber",
              "name": "phoneNumber",
              "onBlur": [Function],
              "onChange": [Function],
              "pattern": "[0-9]{3}-[0-9]{3}-[0-9]{4}",
              "placeholder": "Phone Number",
              "type": "tel",
            },
            "ref": null,
            "rendered": null,
            "type": "input",
          },
          false,
          Object {
            "instance": null,
            "key": undefined,
            "nodeType": "host",
            "props": Object {},
            "ref": null,
            "rendered": null,
            "type": "br",
          },
          Object {
            "instance": null,
            "key": undefined,
            "nodeType": "host",
            "props": Object {
              "children": "Password: ",
              "htmlFor": "passwordOne",
            },
            "ref": null,
            "rendered": "Password: ",
            "type": "label",
          },
          Object {
            "instance": null,
            "key": undefined,
            "nodeType": "host",
            "props": Object {},
            "ref": null,
            "rendered": null,
            "type": "br",
          },
          Object {
            "instance": null,
            "key": undefined,
            "nodeType": "host",
            "props": Object {
              "id": "passwordOne",
              "name": "passwordOne",
              "onBlur": [Function],
              "onChange": [Function],
              "placeholder": "Password",
              "type": "password",
              "value": "",
            },
            "ref": null,
            "rendered": null,
            "type": "input",
          },
          false,
          " ",
          Object {
            "instance": null,
            "key": undefined,
            "nodeType": "host",
            "props": Object {},
            "ref": null,
            "rendered": null,
            "type": "br",
          },
          Object {
            "instance": null,
            "key": undefined,
            "nodeType": "host",
            "props": Object {
              "children": "Confirm Password: ",
              "htmlFor": "passwordTwo",
            },
            "ref": null,
            "rendered": "Confirm Password: ",
            "type": "label",
          },
          " ",
          Object {
            "instance": null,
            "key": undefined,
            "nodeType": "host",
            "props": Object {},
            "ref": null,
            "rendered": null,
            "type": "br",
          },
          Object {
            "instance": null,
            "key": undefined,
            "nodeType": "host",
            "props": Object {
              "id": "passwordTwo",
              "name": "passwordTwo",
              "onBlur": [Function],
              "onChange": [Function],
              "placeholder": "Confirm Password",
              "type": "password",
              "value": "",
            },
            "ref": null,
            "rendered": null,
            "type": "input",
          },
          false,
          " ",
          Object {
            "instance": null,
            "key": undefined,
            "nodeType": "host",
            "props": Object {},
            "ref": null,
            "rendered": null,
            "type": "br",
          },
          Object {
            "instance": null,
            "key": undefined,
            "nodeType": "host",
            "props": Object {
              "disabled": true,
              "id": "submitButton",
              "type": "submit",
              "value": "Sign Up",
            },
            "ref": null,
            "rendered": null,
            "type": "input",
          },
        ],
        "type": "form",
      },
    ],
    "type": "div",
  },
  Symbol(enzyme.__nodes__): Array [
    Object {
      "instance": null,
      "key": undefined,
      "nodeType": "host",
      "props": Object {
        "children": Array [
          <h1>
             Sign Up Page 
          </h1>,
          <form
            onSubmit={[Function]}
          >
            <label
              htmlFor="name"
            >
              Name: 
            </label>
             
            <br />
            <input
              id="name"
              name="name"
              onBlur={[Function]}
              onChange={[Function]}
              placeholder="Full Name"
              type="text"
              value=""
            />
             
             
            <br />
            <input
              checked={false}
              name="class"
              onChange={[Function]}
              type="radio"
              value="senior"
            />
            Senior
            <input
              checked={false}
              name="class"
              onChange={[Function]}
              type="radio"
              value="student"
            />
            Student 
            <br />
            <label
              htmlFor="email"
            >
              Email: 
            </label>
             
            <br />
            <input
              id="email"
              name="email"
              onBlur={[Function]}
              onChange={[Function]}
              placeholder="Email Address"
              type="email"
              value=""
            />
             
            <br />
            <label
              htmlFor="phoneNumber"
            >
              Phone Number: 
            </label>
            <br />
            <input
              id="phoneNumber"
              name="phoneNumber"
              onBlur={[Function]}
              onChange={[Function]}
              pattern="[0-9]{3}-[0-9]{3}-[0-9]{4}"
              placeholder="Phone Number"
              type="tel"
            />
            <br />
            <label
              htmlFor="passwordOne"
            >
              Password: 
            </label>
            <br />
            <input
              id="passwordOne"
              name="passwordOne"
              onBlur={[Function]}
              onChange={[Function]}
              placeholder="Password"
              type="password"
              value=""
            />
             
            <br />
            <label
              htmlFor="passwordTwo"
            >
              Confirm Password: 
            </label>
             
            <br />
            <input
              id="passwordTwo"
              name="passwordTwo"
              onBlur={[Function]}
              onChange={[Function]}
              placeholder="Confirm Password"
              type="password"
              value=""
            />
             
            <br />
            <input
              disabled={true}
              id="submitButton"
              type="submit"
              value="Sign Up"
            />
          </form>,
        ],
      },
      "ref": null,
      "rendered": Array [
        Object {
          "instance": null,
          "key": undefined,
          "nodeType": "host",
          "props": Object {
            "children": " Sign Up Page ",
          },
          "ref": null,
          "rendered": " Sign Up Page ",
          "type": "h1",
        },
        Object {
          "instance": null,
          "key": undefined,
          "nodeType": "host",
          "props": Object {
            "children": Array [
              <label
                htmlFor="name"
              >
                Name: 
              </label>,
              " ",
              <br />,
              <input
                id="name"
                name="name"
                onBlur={[Function]}
                onChange={[Function]}
                placeholder="Full Name"
                type="text"
                value=""
              />,
              " ",
              false,
              " ",
              <br />,
              <input
                checked={false}
                name="class"
                onChange={[Function]}
                type="radio"
                value="senior"
              />,
              "Senior",
              <input
                checked={false}
                name="class"
                onChange={[Function]}
                type="radio"
                value="student"
              />,
              "Student ",
              <br />,
              <label
                htmlFor="email"
              >
                Email: 
              </label>,
              " ",
              <br />,
              <input
                id="email"
                name="email"
                onBlur={[Function]}
                onChange={[Function]}
                placeholder="Email Address"
                type="email"
                value=""
              />,
              " ",
              false,
              <br />,
              <label
                htmlFor="phoneNumber"
              >
                Phone Number: 
              </label>,
              <br />,
              <input
                id="phoneNumber"
                name="phoneNumber"
                onBlur={[Function]}
                onChange={[Function]}
                pattern="[0-9]{3}-[0-9]{3}-[0-9]{4}"
                placeholder="Phone Number"
                type="tel"
              />,
              false,
              <br />,
              <label
                htmlFor="passwordOne"
              >
                Password: 
              </label>,
              <br />,
              <input
                id="passwordOne"
                name="passwordOne"
                onBlur={[Function]}
                onChange={[Function]}
                placeholder="Password"
                type="password"
                value=""
              />,
              false,
              " ",
              <br />,
              <label
                htmlFor="passwordTwo"
              >
                Confirm Password: 
              </label>,
              " ",
              <br />,
              <input
                id="passwordTwo"
                name="passwordTwo"
                onBlur={[Function]}
                onChange={[Function]}
                placeholder="Confirm Password"
                type="password"
                value=""
              />,
              false,
              " ",
              <br />,
              <input
                disabled={true}
                id="submitButton"
                type="submit"
                value="Sign Up"
              />,
            ],
            "onSubmit": [Function],
          },
          "ref": null,
          "rendered": Array [
            Object {
              "instance": null,
              "key": undefined,
              "nodeType": "host",
              "props": Object {
                "children": "Name: ",
                "htmlFor": "name",
              },
              "ref": null,
              "rendered": "Name: ",
              "type": "label",
            },
            " ",
            Object {
              "instance": null,
              "key": undefined,
              "nodeType": "host",
              "props": Object {},
              "ref": null,
              "rendered": null,
              "type": "br",
            },
            Object {
              "instance": null,
              "key": undefined,
              "nodeType": "host",
              "props": Object {
                "id": "name",
                "name": "name",
                "onBlur": [Function],
                "onChange": [Function],
                "placeholder": "Full Name",
                "type": "text",
                "value": "",
              },
              "ref": null,
              "rendered": null,
              "type": "input",
            },
            " ",
            false,
            " ",
            Object {
              "instance": null,
              "key": undefined,
              "nodeType": "host",
              "props": Object {},
              "ref": null,
              "rendered": null,
              "type": "br",
            },
            Object {
              "instance": null,
              "key": undefined,
              "nodeType": "host",
              "props": Object {
                "checked": false,
                "name": "class",
                "onChange": [Function],
                "type": "radio",
                "value": "senior",
              },
              "ref": null,
              "rendered": null,
              "type": "input",
            },
            "Senior",
            Object {
              "instance": null,
              "key": undefined,
              "nodeType": "host",
              "props": Object {
                "checked": false,
                "name": "class",
                "onChange": [Function],
                "type": "radio",
                "value": "student",
              },
              "ref": null,
              "rendered": null,
              "type": "input",
            },
            "Student ",
            Object {
              "instance": null,
              "key": undefined,
              "nodeType": "host",
              "props": Object {},
              "ref": null,
              "rendered": null,
              "type": "br",
            },
            Object {
              "instance": null,
              "key": undefined,
              "nodeType": "host",
              "props": Object {
                "children": "Email: ",
                "htmlFor": "email",
              },
              "ref": null,
              "rendered": "Email: ",
              "type": "label",
            },
            " ",
            Object {
              "instance": null,
              "key": undefined,
              "nodeType": "host",
              "props": Object {},
              "ref": null,
              "rendered": null,
              "type": "br",
            },
            Object {
              "instance": null,
              "key": undefined,
              "nodeType": "host",
              "props": Object {
                "id": "email",
                "name": "email",
                "onBlur": [Function],
                "onChange": [Function],
                "placeholder": "Email Address",
                "type": "email",
                "value": "",
              },
              "ref": null,
              "rendered": null,
              "type": "input",
            },
            " ",
            false,
            Object {
              "instance": null,
              "key": undefined,
              "nodeType": "host",
              "props": Object {},
              "ref": null,
              "rendered": null,
              "type": "br",
            },
            Object {
              "instance": null,
              "key": undefined,
              "nodeType": "host",
              "props": Object {
                "children": "Phone Number: ",
                "htmlFor": "phoneNumber",
              },
              "ref": null,
              "rendered": "Phone Number: ",
              "type": "label",
            },
            Object {
              "instance": null,
              "key": undefined,
              "nodeType": "host",
              "props": Object {},
              "ref": null,
              "rendered": null,
              "type": "br",
            },
            Object {
              "instance": null,
              "key": undefined,
              "nodeType": "host",
              "props": Object {
                "id": "phoneNumber",
                "name": "phoneNumber",
                "onBlur": [Function],
                "onChange": [Function],
                "pattern": "[0-9]{3}-[0-9]{3}-[0-9]{4}",
                "placeholder": "Phone Number",
                "type": "tel",
              },
              "ref": null,
              "rendered": null,
              "type": "input",
            },
            false,
            Object {
              "instance": null,
              "key": undefined,
              "nodeType": "host",
              "props": Object {},
              "ref": null,
              "rendered": null,
              "type": "br",
            },
            Object {
              "instance": null,
              "key": undefined,
              "nodeType": "host",
              "props": Object {
                "children": "Password: ",
                "htmlFor": "passwordOne",
              },
              "ref": null,
              "rendered": "Password: ",
              "type": "label",
            },
            Object {
              "instance": null,
              "key": undefined,
              "nodeType": "host",
              "props": Object {},
              "ref": null,
              "rendered": null,
              "type": "br",
            },
            Object {
              "instance": null,
              "key": undefined,
              "nodeType": "host",
              "props": Object {
                "id": "passwordOne",
                "name": "passwordOne",
                "onBlur": [Function],
                "onChange": [Function],
                "placeholder": "Password",
                "type": "password",
                "value": "",
              },
              "ref": null,
              "rendered": null,
              "type": "input",
            },
            false,
            " ",
            Object {
              "instance": null,
              "key": undefined,
              "nodeType": "host",
              "props": Object {},
              "ref": null,
              "rendered": null,
              "type": "br",
            },
            Object {
              "instance": null,
              "key": undefined,
              "nodeType": "host",
              "props": Object {
                "children": "Confirm Password: ",
                "htmlFor": "passwordTwo",
              },
              "ref": null,
              "rendered": "Confirm Password: ",
              "type": "label",
            },
            " ",
            Object {
              "instance": null,
              "key": undefined,
              "nodeType": "host",
              "props": Object {},
              "ref": null,
              "rendered": null,
              "type": "br",
            },
            Object {
              "instance": null,
              "key": undefined,
              "nodeType": "host",
              "props": Object {
                "id": "passwordTwo",
                "name": "passwordTwo",
                "onBlur": [Function],
                "onChange": [Function],
                "placeholder": "Confirm Password",
                "type": "password",
                "value": "",
              },
              "ref": null,
              "rendered": null,
              "type": "input",
            },
            false,
            " ",
            Object {
              "instance": null,
              "key": undefined,
              "nodeType": "host",
              "props": Object {},
              "ref": null,
              "rendered": null,
              "type": "br",
            },
            Object {
              "instance": null,
              "key": undefined,
              "nodeType": "host",
              "props": Object {
                "disabled": true,
                "id": "submitButton",
                "type": "submit",
                "value": "Sign Up",
              },
              "ref": null,
              "rendered": null,
              "type": "input",
            },
          ],
          "type": "form",
        },
      ],
      "type": "div",
    },
  ],
  Symbol(enzyme.__options__): Object {
    "adapter": ReactSixteenAdapter {
      "options": Object {
        "enableComponentDidUpdateOnSetState": true,
        "legacyContextMode": "parent",
        "lifecycles": Object {
          "componentDidUpdate": Object {
            "onSetState": true,
          },
          "getChildContext": Object {
            "calledByRenderer": false,
          },
          "getDerivedStateFromError": true,
          "getDerivedStateFromProps": Object {
            "hasShouldComponentUpdateBug": false,
          },
          "getSnapshotBeforeUpdate": true,
          "setState": Object {
            "skipsComponentDidUpdateOnNullish": true,
          },
        },
      },
    },
    Symbol(enzyme.__providerValues__): undefined,
  },
  Symbol(enzyme.__providerValues__): Map {},
  Symbol(enzyme.__childContext__): null,
}
`;
