// Jest Snapshot v1, https://goo.gl/fbAQLP

exports[`Render the navigation 1`] = `
<div>
  <BrowserRouter>
    <SplitPane
      allowResize={true}
      defaultSize={100}
      minSize={50}
      pane1ClassName=""
      pane2ClassName=""
      paneClassName=""
      primary="first"
      split="vertical"
    >
      <div>
        <div />
        <Link
          to="/login"
        >
          Log In
          <br />
        </Link>
        <button
          id="signOut"
          onClick={[Function]}
        >
          Log Out
        </button>
      </div>
      <div>
        <Route
          component={[Function]}
          exact={true}
          key="0"
          path="/login"
        />
        <Route
          component={[Function]}
          exact={true}
          key="1"
          path="/dashboard"
        />
      </div>
    </SplitPane>
  </BrowserRouter>
</div>
`;
