// Jest Snapshot v1, https://goo.gl/fbAQLP

exports[`has a valid snapshot 1`] = `
<div>
  <Dragdrop
    handleDrop={[Function]}
  >
    <div
      className="form"
    >
      <div>
        <label
          className="btn"
          htmlFor="fileButton"
        >
          Choose file or drop here
        </label>
        <input
          id="fileButton"
          onChange={[Function]}
          type="file"
        />
      </div>
      <div />
    </div>
    <code />
  </Dragdrop>
</div>
`;
