// Jest Snapshot v1, https://goo.gl/fbAQLP

exports[`has a valid snapshot 1`] = `
<div>
  <Dragdrop
    handleDrop={[Function]}
  >
    <div
      className="form"
    >
      <div>
        <label
          className="btn"
          htmlFor="fileButton"
        >
          Choose file or drop here
        </label>
        <input
          id="fileButton"
          onChange={[Function]}
          type="file"
        />
      </div>
      <div>
        <progress
          id="uploader"
          max="100"
          style={
            Object {
              "visibility": "hidden",
            }
          }
          value="0"
        >
          0%
        </progress>
      </div>
    </div>
    <code />
  </Dragdrop>
</div>
`;
